// Jest Snapshot v1, https://goo.gl/fbAQLP

exports[`<InputTextarea /> should match previous snapshot 1`] = `
.jDMZsH {
  font-family: Arial, sans-serif;
  border-radius: 4px;
  padding: 0.25rem;
  margin: 0;
  box-sizing: border-box;
  width: 100%;
  border-width: 2px;
  border-style: solid;
  border-color: #C8C8C8;
  background-color: #FFF;
  outline-color: #00C3FF;
  outline-width: 4px;
}

<InputTextarea
  cols={80}
  rows={20}
>
  <div>
    <styled.textarea
      cols={80}
      onChange={[Function]}
      rows={20}
      type="text"
    >
      <textarea
        className="sc-bdVaJa jDMZsH"
        cols={80}
        onChange={[Function]}
        rows={20}
        type="text"
      />
    </styled.textarea>
  </div>
</InputTextarea>
`;
